------------------------------------------------------------
Timing Analyzer Summary
------------------------------------------------------------

Type  : Slow 1100mV 85C Model Setup 'clock'
Slack : -3.936
TNS   : -135.857

Type  : Slow 1100mV 85C Model Hold 'clock'
Slack : 0.360
TNS   : 0.000

Type  : Slow 1100mV 85C Model Minimum Pulse Width 'clock'
Slack : -0.724
TNS   : -57.738

Type  : Slow 1100mV 0C Model Setup 'clock'
Slack : -3.948
TNS   : -136.806

Type  : Slow 1100mV 0C Model Hold 'clock'
Slack : 0.356
TNS   : 0.000

Type  : Slow 1100mV 0C Model Minimum Pulse Width 'clock'
Slack : -0.724
TNS   : -58.335

Type  : Fast 1100mV 85C Model Setup 'clock'
Slack : -1.203
TNS   : -29.471

Type  : Fast 1100mV 85C Model Hold 'clock'
Slack : 0.163
TNS   : 0.000

Type  : Fast 1100mV 85C Model Minimum Pulse Width 'clock'
Slack : -0.086
TNS   : -4.201

Type  : Fast 1100mV 0C Model Setup 'clock'
Slack : -1.005
TNS   : -24.038

Type  : Fast 1100mV 0C Model Hold 'clock'
Slack : 0.152
TNS   : 0.000

Type  : Fast 1100mV 0C Model Minimum Pulse Width 'clock'
Slack : -0.086
TNS   : -4.215

------------------------------------------------------------
