------------------------------------------------------------
Timing Analyzer Summary
------------------------------------------------------------

Type  : Slow 1100mV 85C Model Setup 'clock'
Slack : -0.958
TNS   : -10.084

Type  : Slow 1100mV 85C Model Hold 'clock'
Slack : 0.473
TNS   : 0.000

Type  : Slow 1100mV 85C Model Recovery 'clock'
Slack : -1.762
TNS   : -26.373

Type  : Slow 1100mV 85C Model Removal 'clock'
Slack : 1.399
TNS   : 0.000

Type  : Slow 1100mV 85C Model Minimum Pulse Width 'clock'
Slack : -0.724
TNS   : -16.617

Type  : Slow 1100mV 0C Model Setup 'clock'
Slack : -1.014
TNS   : -11.236

Type  : Slow 1100mV 0C Model Hold 'clock'
Slack : 0.461
TNS   : 0.000

Type  : Slow 1100mV 0C Model Recovery 'clock'
Slack : -1.739
TNS   : -26.014

Type  : Slow 1100mV 0C Model Removal 'clock'
Slack : 1.317
TNS   : 0.000

Type  : Slow 1100mV 0C Model Minimum Pulse Width 'clock'
Slack : -0.724
TNS   : -16.947

Type  : Fast 1100mV 85C Model Setup 'clock'
Slack : 0.219
TNS   : 0.000

Type  : Fast 1100mV 85C Model Hold 'clock'
Slack : 0.182
TNS   : 0.000

Type  : Fast 1100mV 85C Model Recovery 'clock'
Slack : -0.014
TNS   : -0.192

Type  : Fast 1100mV 85C Model Removal 'clock'
Slack : 0.511
TNS   : 0.000

Type  : Fast 1100mV 85C Model Minimum Pulse Width 'clock'
Slack : -0.080
TNS   : -1.179

Type  : Fast 1100mV 0C Model Setup 'clock'
Slack : 0.261
TNS   : 0.000

Type  : Fast 1100mV 0C Model Hold 'clock'
Slack : 0.173
TNS   : 0.000

Type  : Fast 1100mV 0C Model Recovery 'clock'
Slack : 0.048
TNS   : 0.000

Type  : Fast 1100mV 0C Model Removal 'clock'
Slack : 0.463
TNS   : 0.000

Type  : Fast 1100mV 0C Model Minimum Pulse Width 'clock'
Slack : -0.080
TNS   : -1.186

------------------------------------------------------------
